node_modules/
dist/
.cache/
.env